#-----------------------------------------------------------
# Vivado v2019.1 (64-bit)
# SW Build 2552052 on Fri May 24 14:49:42 MDT 2019
# IP Build 2548770 on Fri May 24 18:01:18 MDT 2019
# Start of session at: Wed Sep  1 19:40:22 2021
# Process ID: 14080
# Current directory: C:/Users/OAkun/Documents/GitHub/FPGADivision/FloatingPointDivisionNexys4DDR/FPFPGA/SevenSegmentDisplay/SevenSegmentDisplay.runs/synth_1
# Command line: vivado.exe -log SevenSegmentDisplayTopTest.vds -product Vivado -mode batch -messageDb vivado.pb -notrace -source SevenSegmentDisplayTopTest.tcl
# Log file: C:/Users/OAkun/Documents/GitHub/FPGADivision/FloatingPointDivisionNexys4DDR/FPFPGA/SevenSegmentDisplay/SevenSegmentDisplay.runs/synth_1/SevenSegmentDisplayTopTest.vds
# Journal file: C:/Users/OAkun/Documents/GitHub/FPGADivision/FloatingPointDivisionNexys4DDR/FPFPGA/SevenSegmentDisplay/SevenSegmentDisplay.runs/synth_1\vivado.jou
#-----------------------------------------------------------
source SevenSegmentDisplayTopTest.tcl -notrace
