#-----------------------------------------------------------
# Vivado v2019.1 (64-bit)
# SW Build 2552052 on Fri May 24 14:49:42 MDT 2019
# IP Build 2548770 on Fri May 24 18:01:18 MDT 2019
# Start of session at: Wed Sep  1 19:41:18 2021
# Process ID: 14492
# Current directory: C:/Users/OAkun/Documents/GitHub/FPGADivision/FloatingPointDivisionNexys4DDR/FPFPGA/SevenSegmentDisplay/SevenSegmentDisplay.runs/impl_1
# Command line: vivado.exe -log SevenSegmentDisplayTopTest.vdi -applog -product Vivado -messageDb vivado.pb -mode batch -source SevenSegmentDisplayTopTest.tcl -notrace
# Log file: C:/Users/OAkun/Documents/GitHub/FPGADivision/FloatingPointDivisionNexys4DDR/FPFPGA/SevenSegmentDisplay/SevenSegmentDisplay.runs/impl_1/SevenSegmentDisplayTopTest.vdi
# Journal file: C:/Users/OAkun/Documents/GitHub/FPGADivision/FloatingPointDivisionNexys4DDR/FPFPGA/SevenSegmentDisplay/SevenSegmentDisplay.runs/impl_1\vivado.jou
#-----------------------------------------------------------
source SevenSegmentDisplayTopTest.tcl -notrace
